#-----------------------------------------------------------
# Vivado v2025.1 (64-bit)
# SW Build 6140274 on Thu May 22 00:12:29 MDT 2025
# IP Build 6138677 on Thu May 22 03:10:11 MDT 2025
# SharedData Build 6139179 on Tue May 20 17:58:58 MDT 2025
# Start of session at: Thu Aug 14 14:46:24 2025
# Process ID         : 12944
# Current directory  : C:/Users/Administrator/Desktop/project_3/project_3.runs/impl_1
# Command line       : vivado.exe -log led.vdi -applog -product Vivado -messageDb vivado.pb -mode batch -source led.tcl -notrace
# Log file           : C:/Users/Administrator/Desktop/project_3/project_3.runs/impl_1/led.vdi
# Journal file       : C:/Users/Administrator/Desktop/project_3/project_3.runs/impl_1\vivado.jou
# Running On         : c019243
# Platform           : Windows Server 2016 or Windows 10
# Operating System   : 19045
# Processor Detail   : Intel(R) Core(TM) i5-7300U CPU @ 2.60GHz
# CPU Frequency      : 2712 MHz
# CPU Physical cores : 2
# CPU Logical cores  : 4
# Host memory        : 8416 MB
# Swap memory        : 3623 MB
# Total Virtual      : 12040 MB
# Available Virtual  : 3541 MB
#-----------------------------------------------------------
source led.tcl -notrace
