#-----------------------------------------------------------
# Vivado v2025.1 (64-bit)
# SW Build 6140274 on Thu May 22 00:12:29 MDT 2025
# IP Build 6138677 on Thu May 22 03:10:11 MDT 2025
# SharedData Build 6139179 on Tue May 20 17:58:58 MDT 2025
# Start of session at: Wed Aug 13 11:18:09 2025
# Process ID         : 7184
# Current directory  : C:/Users/Administrator/Desktop/project_1/project_1.runs/synth_1
# Command line       : vivado.exe -log logic_ex.vds -product Vivado -mode batch -messageDb vivado.pb -notrace -source logic_ex.tcl
# Log file           : C:/Users/Administrator/Desktop/project_1/project_1.runs/synth_1/logic_ex.vds
# Journal file       : C:/Users/Administrator/Desktop/project_1/project_1.runs/synth_1\vivado.jou
# Running On         : c019243
# Platform           : Windows Server 2016 or Windows 10
# Operating System   : 19045
# Processor Detail   : Intel(R) Core(TM) i5-7300U CPU @ 2.60GHz
# CPU Frequency      : 2712 MHz
# CPU Physical cores : 2
# CPU Logical cores  : 4
# Host memory        : 8416 MB
# Swap memory        : 3355 MB
# Total Virtual      : 11772 MB
# Available Virtual  : 4268 MB
#-----------------------------------------------------------
source logic_ex.tcl -notrace
