#-----------------------------------------------------------
# Vivado v2025.1 (64-bit)
# SW Build 6140274 on Thu May 22 00:12:29 MDT 2025
# IP Build 6138677 on Thu May 22 03:10:11 MDT 2025
# SharedData Build 6139179 on Tue May 20 17:58:58 MDT 2025
# Start of session at: Fri Aug 15 15:01:45 2025
# Process ID         : 7012
# Current directory  : C:/Users/Administrator/Desktop/project_7
# Command line       : vivado.exe -gui_launcher_event rodinguilauncherevent7164 C:\Users\Administrator\Desktop\project_7\project_7.xpr
# Log file           : C:/Users/Administrator/Desktop/project_7/vivado.log
# Journal file       : C:/Users/Administrator/Desktop/project_7\vivado.jou
# Running On         : c019243
# Platform           : Windows Server 2016 or Windows 10
# Operating System   : 19045
# Processor Detail   : Intel(R) Core(TM) i5-7300U CPU @ 2.60GHz
# CPU Frequency      : 2712 MHz
# CPU Physical cores : 2
# CPU Logical cores  : 4
# Host memory        : 8416 MB
# Swap memory        : 6174 MB
# Total Virtual      : 14590 MB
# Available Virtual  : 3770 MB
#-----------------------------------------------------------
start_gui
open_project C:/Users/Administrator/Desktop/project_7/project_7.xpr
update_compile_order -fileset sources_1
